08/22/2026 02:25:32.321 -0400 host=gw-prod-02 source=/var/log/gateway/access.log sourcetype=gateway_access level=ERROR upstream=order-service msg="upstream connect error or disconnect/reset before headers. reset reason: connection timeout calling order-service after 5030ms req=100038"
08/22/2026 02:25:35.000 -0400 host=auth-prod-02 source=/var/log/auth/app.log sourcetype=auth_events level=INFO msg="user login succeeded"
08/22/2026 02:25:38.245 -0400 host=gw-prod-02 source=/var/log/gateway/access.log sourcetype=gateway_access level=ERROR upstream=order-service msg="upstream connect error or disconnect/reset before headers. reset reason: connection timeout calling order-service after 5091ms req=100039"
08/22/2026 02:25:44.357 -0400 host=gw-prod-03 source=/var/log/gateway/access.log sourcetype=gateway_access level=ERROR upstream=order-service msg="upstream connect error or disconnect/reset before headers. reset reason: connection timeout calling order-service after 4994ms req=100040"
08/22/2026 02:25:48.000 -0400 host=gw-prod-03 source=/var/log/gateway/access.log sourcetype=gateway_access level=INFO upstream=cart-service msg="GET /api/cart 200 10ms req=000087"
08/22/2026 02:25:50.329 -0400 host=gw-prod-01 source=/var/log/gateway/access.log sourcetype=gateway_access level=ERROR upstream=order-service msg="upstream connect error or disconnect/reset before headers. reset reason: connection timeout calling order-service after 5053ms req=100041"
08/22/2026 02:25:56.295 -0400 host=gw-prod-01 source=/var/log/gateway/access.log sourcetype=gateway_access level=ERROR upstream=order-service msg="upstream connect error or disconnect/reset before headers. reset reason: connection timeout calling order-service after 5049ms req=100042"
08/22/2026 02:26:00.000 -0400 host=auth-prod-02 source=/var/log/auth/app.log sourcetype=auth_events level=INFO msg="user login succeeded"
08/22/2026 02:26:02.203 -0400 host=gw-prod-02 source=/var/log/gateway/access.log sourcetype=gateway_access level=ERROR upstream=order-service msg="upstream connect error or disconnect/reset before headers. reset reason: connection timeout calling order-service after 4932ms req=100043"
08/22/2026 02:26:06.000 -0400 host=gw-prod-01 source=/var/log/gateway/access.log sourcetype=gateway_access level=INFO upstream=catalog-service msg="GET /api/catalog 200 35ms req=000088"
08/22/2026 02:26:08.177 -0400 host=gw-prod-02 source=/var/log/gateway/access.log sourcetype=gateway_access level=ERROR upstream=order-service msg="upstream connect error or disconnect/reset before headers. reset reason: connection timeout calling order-service after 5105ms req=100044"
08/22/2026 02:26:14.336 -0400 host=gw-prod-02 source=/var/log/gateway/access.log sourcetype=gateway_access level=ERROR upstream=order-service msg="upstream connect error or disconnect/reset before headers. reset reason: connection timeout calling order-service after 5084ms req=100045"
08/22/2026 02:26:20.141 -0400 host=gw-prod-03 source=/var/log/gateway/access.log sourcetype=gateway_access level=ERROR upstream=order-service msg="upstream connect error or disconnect/reset before headers. reset reason: connection timeout calling order-service after 4897ms req=100046"
08/22/2026 02:26:24.000 -0400 host=gw-prod-02 source=/var/log/gateway/access.log sourcetype=gateway_access level=INFO upstream=cart-service msg="GET /api/cart 200 35ms req=000089"
08/22/2026 02:26:25.000 -0400 host=auth-prod-02 source=/var/log/auth/app.log sourcetype=auth_events level=INFO msg="user login succeeded"
08/22/2026 02:26:25.984 -0400 host=gw-prod-01 source=/var/log/gateway/access.log sourcetype=gateway_access level=ERROR upstream=order-service msg="upstream connect error or disconnect/reset before headers. reset reason: connection timeout calling order-service after 5168ms req=100047"
08/22/2026 02:26:31.992 -0400 host=gw-prod-02 source=/var/log/gateway/access.log sourcetype=gateway_access level=ERROR upstream=order-service msg="upstream connect error or disconnect/reset before headers. reset reason: connection timeout calling order-service after 5084ms req=100048"
08/22/2026 02:26:38.180 -0400 host=gw-prod-01 source=/var/log/gateway/access.log sourcetype=gateway_access level=ERROR upstream=order-service msg="upstream connect error or disconnect/reset before headers. reset reason: connection timeout calling order-service after 5153ms req=100049"
08/22/2026 02:26:42.000 -0400 host=gw-prod-03 source=/var/log/gateway/access.log sourcetype=gateway_access level=INFO upstream=catalog-service msg="GET /api/catalog 200 15ms req=000090"
08/22/2026 02:26:46.223 -0400 host=gw-prod-01 source=/var/log/gateway/access.log sourcetype=gateway_access level=WARN upstream=order-service msg="circuit breaker OPEN for upstream 'order-service' after 50 consecutive failures"
